display:
    dark_theme: true
long_break:
    duration: 30m
    message: Rest a little longer
    sound: loud_bell
notifications:
    enabled: true
settings:
    ambient_sound: ""
    auto_start_break: true
    auto_start_work: false
    cmd: ""
    long_break_interval: 6
    sound_on_break: false
    strict: false
short_break:
    duration: 10m
    message: Take a short rest
    sound: loud_bell
work:
    duration: 50m
    message: Focus on your task
    sound: loud_bell
